// Jest Snapshot v1, https://goo.gl/fbAQLP

exports[`findBin should throw a helpful error if the cmd is present in pkg scripts 1`] = `
"
WARN \`lint-staged\` no longer supports running scripts defined in package.json.

The same behavior can be achieved by changing the command to any of the following:
  - \`npm run lint -- \`
  - \`npm run lint:base -- . \`"
`;
