// Jest Snapshot v1, https://goo.gl/fbAQLP

exports[`getConfig should no 1`] = `
Object {
  "concurrent": true,
  "gitDir": "..",
  "globOptions": Object {},
  "linters": Object {
    "*.js": Array [
      "eslint --fix",
      "git add",
    ],
    ".*rc": "jsonlint",
  },
  "renderer": "update",
  "verbose": true,
}
`;

exports[`getConfig should not  1`] = `
Object {
  "concurrent": true,
  "gitDir": "..",
  "globOptions": Object {},
  "linters": Object {
    "*.js": Array [
      "eslint --fix",
      "git add",
    ],
    ".*rc": "jsonlint",
  },
  "renderer": "update",
  "verbose": true,
}
`;

exports[`getConfig should not 1`] = `
Object {
  "concurrent": true,
  "gitDir": "..",
  "globOptions": Object {},
  "linters": Object {
    "*.js": Array [
      "eslint --fix",
      "git add",
    ],
    ".*rc": "jsonlint",
  },
  "renderer": "update",
  "verbose": true,
}
`;

exports[`getConfig should not m 1`] = `
Object {
  "concurrent": true,
  "gitDir": "..",
  "globOptions": Object {},
  "linters": Object {
    "*.js": Array [
      "eslint --fix",
      "git add",
    ],
    ".*rc": "jsonlint",
  },
  "renderer": "update",
  "verbose": true,
}
`;

exports[`getConfig should not mu 1`] = `
Object {
  "concurrent": true,
  "gitDir": "..",
  "globOptions": Object {},
  "linters": Object {
    "*.js": Array [
      "eslint --fix",
      "git add",
    ],
    ".*rc": "jsonlint",
  },
  "renderer": "update",
  "verbose": true,
}
`;

exports[`getConfig should not muta 1`] = `
Object {
  "concurrent": true,
  "gitDir": "..",
  "globOptions": Object {},
  "linters": Object {
    "*.js": Array [
      "eslint --fix",
      "git add",
    ],
    ".*rc": "jsonlint",
  },
  "renderer": "update",
  "verbose": true,
}
`;

exports[`getConfig should not mutate  1`] = `
Object {
  "concurrent": true,
  "gitDir": "..",
  "globOptions": Object {},
  "linters": Object {
    "*.js": Array [
      "eslint --fix",
      "git add",
    ],
    ".*rc": "jsonlint",
  },
  "renderer": "update",
  "verbose": true,
}
`;

exports[`getConfig should not mutate 1`] = `
Object {
  "concurrent": true,
  "gitDir": "..",
  "globOptions": Object {},
  "linters": Object {
    "*.js": Array [
      "eslint --fix",
      "git add",
    ],
    ".*rc": "jsonlint",
  },
  "renderer": "update",
  "verbose": true,
}
`;

exports[`getConfig should not mutate o 1`] = `
Object {
  "concurrent": true,
  "gitDir": "..",
  "globOptions": Object {},
  "linters": Object {
    "*.js": Array [
      "eslint --fix",
      "git add",
    ],
    ".*rc": "jsonlint",
  },
  "renderer": "update",
  "verbose": true,
}
`;

exports[`getConfig should not mutate or 1`] = `
Object {
  "concurrent": true,
  "gitDir": "..",
  "globOptions": Object {},
  "linters": Object {
    "*.js": Array [
      "eslint --fix",
      "git add",
    ],
    ".*rc": "jsonlint",
  },
  "renderer": "update",
  "verbose": true,
}
`;

exports[`getConfig should not mutate ori 1`] = `
Object {
  "concurrent": true,
  "gitDir": "..",
  "globOptions": Object {},
  "linters": Object {
    "*.js": Array [
      "eslint --fix",
      "git add",
    ],
    ".*rc": "jsonlint",
  },
  "renderer": "update",
  "verbose": true,
}
`;

exports[`getConfig should not mutate orig 1`] = `
Object {
  "concurrent": true,
  "gitDir": "..",
  "globOptions": Object {},
  "linters": Object {
    "*.js": Array [
      "eslint --fix",
      "git add",
    ],
    ".*rc": "jsonlint",
  },
  "renderer": "update",
  "verbose": true,
}
`;

exports[`getConfig should not mutate origi 1`] = `
Object {
  "concurrent": true,
  "gitDir": "..",
  "globOptions": Object {},
  "linters": Object {
    "*.js": Array [
      "eslint --fix",
      "git add",
    ],
    ".*rc": "jsonlint",
  },
  "renderer": "update",
  "verbose": true,
}
`;

exports[`getConfig should not mutate origin 1`] = `
Object {
  "concurrent": true,
  "gitDir": "..",
  "globOptions": Object {},
  "linters": Object {
    "*.js": Array [
      "eslint --fix",
      "git add",
    ],
    ".*rc": "jsonlint",
  },
  "renderer": "update",
  "verbose": true,
}
`;

exports[`getConfig should not mutate origina 1`] = `
Object {
  "concurrent": true,
  "gitDir": "..",
  "globOptions": Object {},
  "linters": Object {
    "*.js": Array [
      "eslint --fix",
      "git add",
    ],
    ".*rc": "jsonlint",
  },
  "renderer": "update",
  "verbose": true,
}
`;

exports[`getConfig should not mutate original  1`] = `
Object {
  "concurrent": true,
  "gitDir": "..",
  "globOptions": Object {},
  "linters": Object {
    "*.js": Array [
      "eslint --fix",
      "git add",
    ],
    ".*rc": "jsonlint",
  },
  "renderer": "update",
  "verbose": true,
}
`;

exports[`getConfig should not mutate original 1`] = `
Object {
  "concurrent": true,
  "gitDir": "..",
  "globOptions": Object {},
  "linters": Object {
    "*.js": Array [
      "eslint --fix",
      "git add",
    ],
    ".*rc": "jsonlint",
  },
  "renderer": "update",
  "verbose": true,
}
`;

exports[`getConfig should not mutate original confi 1`] = `
Object {
  "concurrent": true,
  "gitDir": "..",
  "globOptions": Object {},
  "linters": Object {
    "*.js": Array [
      "eslint --fix",
      "git add",
    ],
    ".*rc": "jsonlint",
  },
  "renderer": "update",
  "verbose": true,
}
`;

exports[`getConfig should not mutate original config 1`] = `
Object {
  "concurrent": true,
  "gitDir": "..",
  "globOptions": Object {},
  "linters": Object {
    "*.js": Array [
      "eslint --fix",
      "git add",
    ],
    ".*rc": "jsonlint",
  },
  "renderer": "update",
  "verbose": true,
}
`;

exports[`getConfig should return config with defaults 1`] = `
Object {
  "concurrent": true,
  "gitDir": ".",
  "globOptions": Object {},
  "linters": Object {},
  "renderer": "update",
  "verbose": false,
}
`;

exports[`getConfig should set linters 1`] = `
Object {
  "concurrent": true,
  "gitDir": "..",
  "globOptions": Object {},
  "linters": Object {
    "*.js": Array [
      "eslint --fix",
      "git add",
    ],
    ".*rc": "jsonlint",
  },
  "renderer": "update",
  "verbose": true,
}
`;

exports[`getConfig should set linters 2`] = `
Object {
  "concurrent": true,
  "gitDir": "..",
  "globOptions": Object {},
  "linters": Object {
    "*.js": Array [
      "eslint --fix",
      "git add",
    ],
    ".*rc": "jsonlint",
  },
  "renderer": "update",
  "verbose": true,
}
`;
