// Jest Snapshot v1, https://goo.gl/fbAQLP

exports[`git getFilesStatus should return an array of partially staged files 1`] = `
Array [
  "M  test.css",
  "MM test.js",
]
`;

exports[`git getFilesStatus should return an empty array for only modified files 1`] = `
Array [
  " M test.css",
  " M test.js",
]
`;

exports[`git getFilesStatus should return empty array if no changed files 1`] = `Array []`;
