// Jest Snapshot v1, https://goo.gl/fbAQLP

exports[`lintStaged should not output config in non verbose mode 1`] = `""`;

exports[`lintStaged should ouput config in verbose mode 1`] = `
"
LOG 
Running lint-staged with the following config:
{
	linters: [
		{
			filters: [
				'*'
			],
			commands: 'mytask'
		}
	],
	verbose: true,
	concurrent: true,
	chunkSize: 9007199254740991,
	gitDir: '.',
	globOptions: {
		matchBase: true,
		dot: true
	},
	subTaskConcurrency: 1,
	renderer: 'verbose'
}
"
`;

exports[`lintStaged should print helpful error message when config file is not found 1`] = `
"
ERROR Config could not be found.
ERROR 
Please make sure you have created it correctly.
See https://github.com/okonet/lint-staged#configuration.
"
`;
