// Jest Snapshot v1, https://goo.gl/fbAQLP

exports[`resolveTaskFn chunked tasks should throw error for failed linters 1`] = `
"


⚠ mock-fail-linter was terminated with 
Mock error"
`;

exports[`resolveTaskFn chunked tasks should throw error for killed processes 1`] = `
"


⚠ mock-killed-linter was terminated with SIGINT"
`;
