// Jest Snapshot v1, https://goo.gl/fbAQLP

exports[`runAll should not skip tasks if there are files 1`] = `
"
LOG [2m[10:32:05][22m Running tasks for *.js [started]
LOG [2m[10:32:05][22m echo \\"sample\\" [started]
LOG [2m[10:32:05][22m echo \\"sample\\" [completed]
LOG [2m[10:32:05][22m Running tasks for *.js [completed]"
`;

exports[`runAll should throw when invalid config is provided 1`] = `"Invalid config provided to runAll! Use getConfig instead."`;

exports[`runAll should throw when invalid config is provided 2`] = `"Invalid config provided to runAll! Use getConfig instead."`;
