// Jest Snapshot v1, https://goo.gl/fbAQLP

exports[`validateConfig should not throw and should print nothing for function linter 1`] = `""`;

exports[`validateConfig should not throw and should print nothing for valid config 1`] = `""`;

exports[`validateConfig should throw and should print validation errors for invalid config 1`] = `
"● Validation Error:

  Invalid value for 'foo'.

  Should be a string, a function, or an array of strings and functions.
 
  Configured value is: 'foo'

Please refer to https://github.com/okonet/lint-staged#configuration for more information..."
`;

exports[`validateConfig should throw and should print validation errors for invalid config 1 1`] = `"Configuration should be an object!"`;
