// Jest Snapshot v1, https://goo.gl/fbAQLP

exports[`validateConfig should not throw and should print nothing for function task 1`] = `""`;

exports[`validateConfig should not throw and should print nothing for valid config 1`] = `""`;

exports[`validateConfig should not throw when config contains deprecated key but with valid task 1`] = `""`;

exports[`validateConfig should throw and should print validation errors for invalid config 1`] = `
"× Validation Error:

  Invalid value for 'foo'.

  Should be a string, a function, or an array of strings and functions.
 
  Configured value is: false
"
`;

exports[`validateConfig should throw and should print validation errors for invalid config 1 1`] = `"Configuration should be an object or a function!"`;

exports[`validateConfig should throw when detecting deprecated advanced configuration 1`] = `
"× Validation Error:

  Invalid value for 'chunkSize'.

  Advanced configuration has been deprecated. For more info, please visit: https://github.com/okonet/lint-staged.
 
  Configured value is: 10

× Validation Error:

  Invalid value for 'concurrent'.

  Advanced configuration has been deprecated. For more info, please visit: https://github.com/okonet/lint-staged.
 
  Configured value is: false

× Validation Error:

  Invalid value for 'globOptions'.

  Advanced configuration has been deprecated. For more info, please visit: https://github.com/okonet/lint-staged.
 
  Configured value is: {matchBase: false}

× Validation Error:

  Invalid value for 'ignore'.

  Advanced configuration has been deprecated. For more info, please visit: https://github.com/okonet/lint-staged.
 
  Configured value is: ['test.js']

× Validation Error:

  Invalid value for 'linters'.

  Advanced configuration has been deprecated. For more info, please visit: https://github.com/okonet/lint-staged.
 
  Configured value is: {'*.js': ['eslint']}

× Validation Error:

  Invalid value for 'relative'.

  Advanced configuration has been deprecated. For more info, please visit: https://github.com/okonet/lint-staged.
 
  Configured value is: true

× Validation Error:

  Invalid value for 'renderer'.

  Advanced configuration has been deprecated. For more info, please visit: https://github.com/okonet/lint-staged.
 
  Configured value is: 'silent'

× Validation Error:

  Invalid value for 'subTaskConcurrency'.

  Advanced configuration has been deprecated. For more info, please visit: https://github.com/okonet/lint-staged.
 
  Configured value is: 10
"
`;

exports[`validateConfig should throw when detecting deprecated advanced configuration 2`] = `""`;

exports[`validateConfig should warn about \`*.{js}\` and return fixed config 1`] = `
"
WARN ‼ Detected incorrect braces with only single value: \`*.{js}\`. Reformatted as: \`*.js\`
"
`;

exports[`validateConfig should warn about \`*.{ts}{x}\` and return fixed config 1`] = `
"
WARN ‼ Detected incorrect braces with only single value: \`*.{ts}{x}\`. Reformatted as: \`*.tsx\`
"
`;

exports[`validateConfig should wrap function config into object 1`] = `""`;
